// Jest Snapshot v1, https://goo.gl/fbAQLP

exports[`TimeConfig snapshot 1`] = `
<DocumentFragment>
  loading
</DocumentFragment>
`;
