// Jest Snapshot v1, https://goo.gl/fbAQLP

exports[`CycleConfig snapshot 1`] = `
<DocumentFragment>
  <div
    class="Paper__StyledDiv-sc-eiawt3-0 Paper___StyledStyledDiv-sc-eiawt3-1 mEzeE kIsLsw"
  >
    <div
      class="sc-ezWOiH cPuHdH"
    >
      <div
        class="sc-bZkfAO eDFrXu"
      >
        <p
          class="Text__StyledP-sc-5vvbrk-0 Text___StyledStyledP-sc-5vvbrk-1  gsnPvW"
        >
          <span
            class="material-icons md-18 md-dark"
          >
            timer
          </span>
          â€‚Number of Cycle
        </p>
        <div
          class="sc-iIPllB fBikQd"
        >
          <input
            class="Input__StyledInput-sc-1uzn9jx-0 Input___StyledStyledInput-sc-1uzn9jx-1 iioXxK hquitd"
            type="number"
            value="3"
          />
          <button
            class="Button__StyledButton-sc-mes1hd-0 Button___StyledStyledButton-sc-mes1hd-1 fxBFHR kQFxcF"
            type="button"
          >
            <span
              class="material-icons"
            >
              keyboard_arrow_right
            </span>
          </button>
        </div>
      </div>
      <div
        class="sc-kgflAQ bebQVZ"
      >
        <button
          class="Button__StyledButton-sc-mes1hd-0 Button___StyledStyledButton-sc-mes1hd-1 fxBFHR Nbszd"
          type="button"
        >
          <span
            class="material-icons"
          >
            arrow_drop_up
          </span>
        </button>
        <button
          class="Button__StyledButton-sc-mes1hd-0 Button___StyledStyledButton-sc-mes1hd-1 fxBFHR Nbszd"
          type="button"
        >
          <span
            class="material-icons"
          >
            arrow_drop_down
          </span>
        </button>
      </div>
    </div>
  </div>
</DocumentFragment>
`;
