// Jest Snapshot v1, https://goo.gl/fbAQLP

exports[`snapshot Default should render correctly 1`] = `
<DocumentFragment>
  <div
    class="Paper__StyledDiv-sc-eiawt3-0 Paper___StyledStyledDiv-sc-eiawt3-1 mEzeE kIsLsw"
  >
    <div
      class="sc-gicCDI fvElEG"
    >
      <div
        class="sc-ezWOiH jcMdtz"
      >
        <p
          class="Text__StyledP-sc-5vvbrk-0 Text___StyledStyledP-sc-5vvbrk-1  gsnPvW"
        >
          <span
            class="material-icons md-18 md-dark"
          >
            timer
          </span>
          â€‚Number of Cycle
        </p>
        <div
          class="sc-llJcti jyATMf"
        >
          <p
            class="sc-iIPllB hlGxfi"
          >
            <span
              class="material-icons md-10"
            >
              cancel
            </span>
            error
          </p>
          <input
            class="Input__StyledInput-sc-1uzn9jx-0 Input___StyledStyledInput-sc-1uzn9jx-1 iioXxK hquitd"
            type="number"
            value="25"
          />
          <button
            class="Button__StyledButton-sc-mes1hd-0 Button___StyledStyledButton-sc-mes1hd-1 fxBFHR kQFxcF"
            type="button"
          >
            <span
              class="material-icons"
            >
              keyboard_arrow_right
            </span>
          </button>
        </div>
      </div>
      <div
        class="sc-kgflAQ bebQVZ"
      >
        <button
          class="Button__StyledButton-sc-mes1hd-0 Button___StyledStyledButton-sc-mes1hd-1 fxBFHR Nbszd"
          type="button"
        >
          <span
            class="material-icons"
          >
            arrow_drop_up
          </span>
        </button>
        <button
          class="Button__StyledButton-sc-mes1hd-0 Button___StyledStyledButton-sc-mes1hd-1 fxBFHR Nbszd"
          type="button"
        >
          <span
            class="material-icons"
          >
            arrow_drop_down
          </span>
        </button>
      </div>
    </div>
  </div>
</DocumentFragment>
`;
