// Jest Snapshot v1, https://goo.gl/fbAQLP

exports[`snapshot Default should render correctly 1`] = `
<DocumentFragment>
  <p
    class="Text__StyledP-sc-5vvbrk-0 Text___StyledStyledP-sc-5vvbrk-1  kDyowO"
  >
    text text text text text 
  </p>
</DocumentFragment>
`;
