// Jest Snapshot v1, https://goo.gl/fbAQLP

exports[`snapshot Default should render correctly 1`] = `
<DocumentFragment>
  <input
    class="RangeBar__StyledInput-sc-xofmb-0 cYZWWp"
    max="100"
    min="0"
    type="range"
    value=""
    width="300"
  />
</DocumentFragment>
`;
